mode: set
github.com/lcylpzls/jobx/dispatcher.go:48.57,50.27 2 1
github.com/lcylpzls/jobx/dispatcher.go:50.27,51.35 1 1
github.com/lcylpzls/jobx/dispatcher.go:51.35,53.4 1 0
github.com/lcylpzls/jobx/dispatcher.go:55.2,61.35 3 1
github.com/lcylpzls/jobx/dispatcher.go:61.35,64.3 2 1
github.com/lcylpzls/jobx/dispatcher.go:65.2,65.15 1 1
github.com/lcylpzls/jobx/dispatcher.go:70.59,71.43 1 1
github.com/lcylpzls/jobx/dispatcher.go:71.43,73.3 1 0
github.com/lcylpzls/jobx/dispatcher.go:74.2,74.14 1 1
github.com/lcylpzls/jobx/dispatcher.go:74.14,76.3 1 0
github.com/lcylpzls/jobx/dispatcher.go:77.2,77.58 1 1
github.com/lcylpzls/jobx/dispatcher.go:77.58,79.3 1 0
github.com/lcylpzls/jobx/dispatcher.go:80.2,80.12 1 1
github.com/lcylpzls/jobx/dispatcher.go:84.117,86.27 2 1
github.com/lcylpzls/jobx/dispatcher.go:86.27,87.36 1 1
github.com/lcylpzls/jobx/dispatcher.go:87.36,89.4 1 0
github.com/lcylpzls/jobx/dispatcher.go:91.2,92.16 2 1
github.com/lcylpzls/jobx/dispatcher.go:92.16,94.3 1 0
github.com/lcylpzls/jobx/dispatcher.go:95.2,95.46 1 1
github.com/lcylpzls/jobx/dispatcher.go:95.46,97.3 1 0
github.com/lcylpzls/jobx/dispatcher.go:98.2,99.26 2 1
github.com/lcylpzls/jobx/dispatcher.go:104.58,105.27 1 1
github.com/lcylpzls/jobx/dispatcher.go:105.27,109.3 3 1
github.com/lcylpzls/jobx/dispatcher.go:110.2,110.22 1 1
github.com/lcylpzls/jobx/dispatcher.go:114.95,115.43 1 1
github.com/lcylpzls/jobx/dispatcher.go:115.43,117.3 1 0
github.com/lcylpzls/jobx/dispatcher.go:118.2,118.37 1 1
github.com/lcylpzls/jobx/dispatcher.go:118.37,120.3 1 0
github.com/lcylpzls/jobx/dispatcher.go:121.2,121.41 1 1
github.com/lcylpzls/jobx/dispatcher.go:121.41,123.3 1 0
github.com/lcylpzls/jobx/dispatcher.go:124.2,125.16 2 1
github.com/lcylpzls/jobx/dispatcher.go:125.16,127.3 1 0
github.com/lcylpzls/jobx/dispatcher.go:128.2,135.9 1 1
github.com/lcylpzls/jobx/dispatcher.go:139.74,140.23 1 1
github.com/lcylpzls/jobx/dispatcher.go:140.23,142.3 1 0
github.com/lcylpzls/jobx/dispatcher.go:143.2,143.27 1 1
github.com/lcylpzls/jobx/dispatcher.go:144.21,145.10 1 0
github.com/lcylpzls/jobx/dispatcher.go:146.25,147.14 1 0
github.com/lcylpzls/jobx/dispatcher.go:148.11,149.23 1 0
github.com/lcylpzls/jobx/dispatcher.go:151.10,152.10 1 1
github.com/lcylpzls/jobx/dispatcher.go:153.25,154.14 1 1
github.com/lcylpzls/jobx/dispatcher.go:155.21,156.20 1 0
github.com/lcylpzls/jobx/dispatcher.go:162.31,164.6 2 1
github.com/lcylpzls/jobx/dispatcher.go:164.6,165.10 1 1
github.com/lcylpzls/jobx/dispatcher.go:166.27,167.21 1 1
github.com/lcylpzls/jobx/dispatcher.go:168.19,170.8 1 1
github.com/lcylpzls/jobx/dispatcher.go:170.8,171.12 1 1
github.com/lcylpzls/jobx/dispatcher.go:172.29,173.23 1 0
github.com/lcylpzls/jobx/dispatcher.go:174.13,175.12 1 1
github.com/lcylpzls/jobx/dispatcher.go:183.48,186.19 3 1
github.com/lcylpzls/jobx/dispatcher.go:186.20,186.21 0 0
github.com/lcylpzls/jobx/dispatcher.go:187.2,187.21 1 1
github.com/lcylpzls/jobx/dispatcher.go:187.21,189.3 1 1
github.com/lcylpzls/jobx/dispatcher.go:190.2,191.15 2 1
github.com/lcylpzls/jobx/dispatcher.go:191.15,194.3 2 1
github.com/lcylpzls/jobx/dispatcher.go:195.2,196.9 2 1
github.com/lcylpzls/jobx/dispatcher.go:196.9,199.3 2 0
github.com/lcylpzls/jobx/dispatcher.go:200.2,203.9 4 1
github.com/lcylpzls/jobx/dispatcher.go:203.9,204.16 1 1
github.com/lcylpzls/jobx/dispatcher.go:204.16,205.32 1 1
github.com/lcylpzls/jobx/dispatcher.go:205.32,208.28 2 0
github.com/lcylpzls/jobx/dispatcher.go:208.28,214.6 1 0
github.com/lcylpzls/jobx/dispatcher.go:217.3,217.30 1 1
github.com/lcylpzls/jobx/dispatcher.go:219.2,219.16 1 1
github.com/lcylpzls/jobx/dispatcher.go:219.16,222.3 2 0
github.com/lcylpzls/jobx/dispatcher.go:223.2,223.45 1 1
github.com/lcylpzls/jobx/dispatcher.go:227.61,229.12 2 1
github.com/lcylpzls/jobx/dispatcher.go:229.12,232.3 2 1
github.com/lcylpzls/jobx/dispatcher.go:233.2,233.9 1 1
github.com/lcylpzls/jobx/dispatcher.go:234.14,235.13 1 0
github.com/lcylpzls/jobx/dispatcher.go:236.20,237.41 1 1
github.com/lcylpzls/jobx/dispatcher.go:237.41,238.48 1 1
github.com/lcylpzls/jobx/dispatcher.go:238.48,240.5 1 0
github.com/lcylpzls/jobx/dispatcher.go:241.4,241.15 1 1
github.com/lcylpzls/jobx/dispatcher.go:243.3,243.19 1 1
github.com/lcylpzls/jobx/dispatcher.go:248.38,249.45 1 1
github.com/lcylpzls/jobx/dispatcher.go:249.45,251.3 1 0
github.com/lcylpzls/jobx/dispatcher.go:252.2,252.12 1 1
github.com/lcylpzls/jobx/dispatcher.go:256.33,258.39 2 1
github.com/lcylpzls/jobx/dispatcher.go:258.39,260.3 1 0
github.com/lcylpzls/jobx/dispatcher.go:261.2,261.35 1 1
github.com/lcylpzls/jobx/dispatcher.go:265.41,267.2 1 0
github.com/lcylpzls/jobx/dispatcher.go:270.38,272.2 1 0
github.com/lcylpzls/jobx/dispatcher.go:275.41,276.25 1 1
github.com/lcylpzls/jobx/dispatcher.go:276.25,278.3 1 1
github.com/lcylpzls/jobx/dispatcher.go:279.2,283.4 1 0
github.com/lcylpzls/jobx/dispatcher.go:287.40,288.25 1 1
github.com/lcylpzls/jobx/dispatcher.go:288.25,290.3 1 1
github.com/lcylpzls/jobx/dispatcher.go:291.2,295.4 1 0
github.com/lcylpzls/jobx/dispatcher.go:299.68,300.25 1 1
github.com/lcylpzls/jobx/dispatcher.go:300.25,302.3 1 1
github.com/lcylpzls/jobx/dispatcher.go:303.2,307.4 1 0
github.com/lcylpzls/jobx/dispatcher.go:311.51,312.25 1 0
github.com/lcylpzls/jobx/dispatcher.go:312.25,314.3 1 0
github.com/lcylpzls/jobx/dispatcher.go:315.2,320.4 1 0
github.com/lcylpzls/jobx/job.go:43.54,44.32 1 1
github.com/lcylpzls/jobx/job.go:44.32,45.18 1 1
github.com/lcylpzls/jobx/job.go:45.18,47.4 1 0
github.com/lcylpzls/jobx/job.go:48.3,49.13 2 1
github.com/lcylpzls/jobx/options.go:30.29,38.2 1 1
github.com/lcylpzls/jobx/options.go:44.32,45.31 1 1
github.com/lcylpzls/jobx/options.go:45.31,46.13 1 1
github.com/lcylpzls/jobx/options.go:46.13,48.4 1 0
github.com/lcylpzls/jobx/options.go:49.3,50.13 2 1
github.com/lcylpzls/jobx/options.go:55.34,56.31 1 0
github.com/lcylpzls/jobx/options.go:56.31,57.13 1 0
github.com/lcylpzls/jobx/options.go:57.13,59.4 1 0
github.com/lcylpzls/jobx/options.go:60.3,61.13 2 0
github.com/lcylpzls/jobx/options.go:66.52,67.31 1 0
github.com/lcylpzls/jobx/options.go:67.31,68.48 1 0
github.com/lcylpzls/jobx/options.go:68.48,70.4 1 0
github.com/lcylpzls/jobx/options.go:71.3,72.13 2 0
github.com/lcylpzls/jobx/options.go:77.40,78.31 1 0
github.com/lcylpzls/jobx/options.go:78.31,79.13 1 0
github.com/lcylpzls/jobx/options.go:79.13,81.4 1 0
github.com/lcylpzls/jobx/options.go:82.3,83.13 2 0
github.com/lcylpzls/jobx/options.go:88.44,89.31 1 0
github.com/lcylpzls/jobx/options.go:89.31,92.3 2 0
github.com/lcylpzls/jobx/options.go:96.45,97.31 1 0
github.com/lcylpzls/jobx/options.go:97.31,98.17 1 0
github.com/lcylpzls/jobx/options.go:98.17,100.4 1 0
github.com/lcylpzls/jobx/options.go:101.3,102.13 2 0
