mode: set
github.com/lcylpzls/jobx/dispatcher.go:48.57,50.27 2 1
github.com/lcylpzls/jobx/dispatcher.go:50.27,51.35 1 1
github.com/lcylpzls/jobx/dispatcher.go:51.35,53.4 1 1
github.com/lcylpzls/jobx/dispatcher.go:55.2,61.35 3 1
github.com/lcylpzls/jobx/dispatcher.go:61.35,64.3 2 1
github.com/lcylpzls/jobx/dispatcher.go:65.2,65.15 1 1
github.com/lcylpzls/jobx/dispatcher.go:70.59,71.43 1 1
github.com/lcylpzls/jobx/dispatcher.go:71.43,73.3 1 1
github.com/lcylpzls/jobx/dispatcher.go:74.2,74.14 1 1
github.com/lcylpzls/jobx/dispatcher.go:74.14,76.3 1 1
github.com/lcylpzls/jobx/dispatcher.go:77.2,77.58 1 1
github.com/lcylpzls/jobx/dispatcher.go:77.58,79.3 1 1
github.com/lcylpzls/jobx/dispatcher.go:80.2,80.12 1 1
github.com/lcylpzls/jobx/dispatcher.go:84.117,86.27 2 1
github.com/lcylpzls/jobx/dispatcher.go:86.27,87.36 1 1
github.com/lcylpzls/jobx/dispatcher.go:87.36,89.4 1 1
github.com/lcylpzls/jobx/dispatcher.go:91.2,92.16 2 1
github.com/lcylpzls/jobx/dispatcher.go:92.16,94.3 1 1
github.com/lcylpzls/jobx/dispatcher.go:95.2,95.46 1 1
github.com/lcylpzls/jobx/dispatcher.go:95.46,97.3 1 1
github.com/lcylpzls/jobx/dispatcher.go:98.2,99.26 2 1
github.com/lcylpzls/jobx/dispatcher.go:104.58,105.27 1 1
github.com/lcylpzls/jobx/dispatcher.go:105.27,109.3 3 1
github.com/lcylpzls/jobx/dispatcher.go:110.2,110.22 1 1
github.com/lcylpzls/jobx/dispatcher.go:114.95,115.43 1 1
github.com/lcylpzls/jobx/dispatcher.go:115.43,117.3 1 1
github.com/lcylpzls/jobx/dispatcher.go:118.2,118.37 1 1
github.com/lcylpzls/jobx/dispatcher.go:118.37,120.3 1 1
github.com/lcylpzls/jobx/dispatcher.go:121.2,121.41 1 1
github.com/lcylpzls/jobx/dispatcher.go:121.41,123.3 1 1
github.com/lcylpzls/jobx/dispatcher.go:124.2,125.16 2 1
github.com/lcylpzls/jobx/dispatcher.go:125.16,127.3 1 1
github.com/lcylpzls/jobx/dispatcher.go:128.2,135.9 1 1
github.com/lcylpzls/jobx/dispatcher.go:139.74,140.23 1 1
github.com/lcylpzls/jobx/dispatcher.go:140.23,142.3 1 1
github.com/lcylpzls/jobx/dispatcher.go:143.2,143.27 1 1
github.com/lcylpzls/jobx/dispatcher.go:144.21,145.10 1 1
github.com/lcylpzls/jobx/dispatcher.go:146.25,147.14 1 1
github.com/lcylpzls/jobx/dispatcher.go:148.11,149.23 1 1
github.com/lcylpzls/jobx/dispatcher.go:151.10,152.10 1 1
github.com/lcylpzls/jobx/dispatcher.go:153.25,154.14 1 1
github.com/lcylpzls/jobx/dispatcher.go:155.21,156.20 1 1
github.com/lcylpzls/jobx/dispatcher.go:162.31,164.6 2 1
github.com/lcylpzls/jobx/dispatcher.go:164.6,165.10 1 1
github.com/lcylpzls/jobx/dispatcher.go:166.27,167.21 1 1
github.com/lcylpzls/jobx/dispatcher.go:168.19,170.8 1 1
github.com/lcylpzls/jobx/dispatcher.go:170.8,171.12 1 1
github.com/lcylpzls/jobx/dispatcher.go:172.29,173.23 1 1
github.com/lcylpzls/jobx/dispatcher.go:174.13,175.12 1 1
github.com/lcylpzls/jobx/dispatcher.go:183.48,186.21 3 1
github.com/lcylpzls/jobx/dispatcher.go:186.21,190.3 3 1
github.com/lcylpzls/jobx/dispatcher.go:191.2,192.15 2 1
github.com/lcylpzls/jobx/dispatcher.go:192.15,195.3 2 1
github.com/lcylpzls/jobx/dispatcher.go:196.2,197.9 2 1
github.com/lcylpzls/jobx/dispatcher.go:197.9,200.3 2 1
github.com/lcylpzls/jobx/dispatcher.go:201.2,204.9 4 1
github.com/lcylpzls/jobx/dispatcher.go:204.9,205.16 1 1
github.com/lcylpzls/jobx/dispatcher.go:205.16,206.32 1 1
github.com/lcylpzls/jobx/dispatcher.go:206.32,209.28 2 1
github.com/lcylpzls/jobx/dispatcher.go:209.28,215.6 1 1
github.com/lcylpzls/jobx/dispatcher.go:218.3,218.30 1 1
github.com/lcylpzls/jobx/dispatcher.go:220.2,220.16 1 1
github.com/lcylpzls/jobx/dispatcher.go:220.16,223.3 2 1
github.com/lcylpzls/jobx/dispatcher.go:224.2,224.45 1 1
github.com/lcylpzls/jobx/dispatcher.go:228.61,230.12 2 1
github.com/lcylpzls/jobx/dispatcher.go:230.12,233.3 2 1
github.com/lcylpzls/jobx/dispatcher.go:234.2,234.9 1 1
github.com/lcylpzls/jobx/dispatcher.go:235.14,236.13 1 1
github.com/lcylpzls/jobx/dispatcher.go:237.20,238.41 1 1
github.com/lcylpzls/jobx/dispatcher.go:238.41,239.48 1 1
github.com/lcylpzls/jobx/dispatcher.go:239.48,241.5 1 1
github.com/lcylpzls/jobx/dispatcher.go:242.4,242.15 1 1
github.com/lcylpzls/jobx/dispatcher.go:244.3,244.19 1 1
github.com/lcylpzls/jobx/dispatcher.go:249.38,250.45 1 1
github.com/lcylpzls/jobx/dispatcher.go:250.45,252.3 1 1
github.com/lcylpzls/jobx/dispatcher.go:253.2,253.12 1 1
github.com/lcylpzls/jobx/dispatcher.go:257.33,259.39 2 1
github.com/lcylpzls/jobx/dispatcher.go:259.39,261.3 1 1
github.com/lcylpzls/jobx/dispatcher.go:262.2,262.35 1 1
github.com/lcylpzls/jobx/dispatcher.go:266.41,268.2 1 1
github.com/lcylpzls/jobx/dispatcher.go:271.38,273.2 1 1
github.com/lcylpzls/jobx/dispatcher.go:276.41,277.25 1 1
github.com/lcylpzls/jobx/dispatcher.go:277.25,279.3 1 1
github.com/lcylpzls/jobx/dispatcher.go:280.2,284.4 1 1
github.com/lcylpzls/jobx/dispatcher.go:288.40,289.25 1 1
github.com/lcylpzls/jobx/dispatcher.go:289.25,291.3 1 1
github.com/lcylpzls/jobx/dispatcher.go:292.2,296.4 1 1
github.com/lcylpzls/jobx/dispatcher.go:300.68,301.25 1 1
github.com/lcylpzls/jobx/dispatcher.go:301.25,303.3 1 1
github.com/lcylpzls/jobx/dispatcher.go:304.2,308.4 1 1
github.com/lcylpzls/jobx/dispatcher.go:312.51,313.25 1 1
github.com/lcylpzls/jobx/dispatcher.go:313.25,315.3 1 1
github.com/lcylpzls/jobx/dispatcher.go:316.2,321.4 1 1
github.com/lcylpzls/jobx/job.go:43.54,44.32 1 1
github.com/lcylpzls/jobx/job.go:44.32,45.18 1 1
github.com/lcylpzls/jobx/job.go:45.18,47.4 1 1
github.com/lcylpzls/jobx/job.go:48.3,49.13 2 1
github.com/lcylpzls/jobx/options.go:30.29,38.2 1 1
github.com/lcylpzls/jobx/options.go:44.32,45.31 1 1
github.com/lcylpzls/jobx/options.go:45.31,46.13 1 1
github.com/lcylpzls/jobx/options.go:46.13,48.4 1 1
github.com/lcylpzls/jobx/options.go:49.3,50.13 2 1
github.com/lcylpzls/jobx/options.go:55.34,56.31 1 1
github.com/lcylpzls/jobx/options.go:56.31,57.13 1 1
github.com/lcylpzls/jobx/options.go:57.13,59.4 1 1
github.com/lcylpzls/jobx/options.go:60.3,61.13 2 1
github.com/lcylpzls/jobx/options.go:66.52,67.31 1 1
github.com/lcylpzls/jobx/options.go:67.31,68.48 1 1
github.com/lcylpzls/jobx/options.go:68.48,70.4 1 1
github.com/lcylpzls/jobx/options.go:71.3,72.13 2 1
github.com/lcylpzls/jobx/options.go:77.40,78.31 1 1
github.com/lcylpzls/jobx/options.go:78.31,79.13 1 1
github.com/lcylpzls/jobx/options.go:79.13,81.4 1 1
github.com/lcylpzls/jobx/options.go:82.3,83.13 2 1
github.com/lcylpzls/jobx/options.go:88.44,89.31 1 1
github.com/lcylpzls/jobx/options.go:89.31,92.3 2 1
github.com/lcylpzls/jobx/options.go:96.45,97.31 1 1
github.com/lcylpzls/jobx/options.go:97.31,98.17 1 1
github.com/lcylpzls/jobx/options.go:98.17,100.4 1 1
github.com/lcylpzls/jobx/options.go:101.3,102.13 2 1
